
> design-academy@0.1.0 build
> next build

   Γû▓ Next.js 15.1.0
   - Environments: .env.local

   Creating an optimized production build ...
node.exe : Failed to 
compile.
At line:1 char:1
+ & "C:\Program Files\
nodejs/node.exe" "C:\U
sers\DELL\AppData\Roam
ing\n ...
+ ~~~~~~~~~~~~~~~~~~~~
~~~~~~~~~~~~~~~~~~~~~~
~~~~~~~~~~~~~~~~~~~~~~
~~~~~
    + CategoryInfo    
          : NotSpeci  
  fied: (Failed to    
 compile.:String)     
[], RemoteExcepti    
on
    + FullyQualifiedE 
   rrorId : NativeCo  
  mmandError
 

./src/app/globals.css.
webpack[javascript/aut
o]!=!./node_modules/ne
xt/dist/build/webpack/
loaders/css-loader/src
/index.js??ruleSet[1].
rules[13].oneOf[10].us
e[2]!./node_modules/ne
xt/dist/build/webpack/
loaders/postcss-loader
/src/index.js??ruleSet
[1].rules[13].oneOf[10
].use[3]!./src/app/glo
bals.css
SyntaxError: 
Unexpected token, 
expected "," (98:6)
    at unexpected 
(D:\My Company\My 
Company Projects\edt\d
esign-academy\node_mod
ules\sucrase\dist\pars
er\traverser\util.js:9
9:15)
    at expect (D:\My 
Company\My Company Pro
jects\edt\design-acade
my\node_modules\sucras
e\dist\parser\traverse
r\util.js:86:5)
    at parseObj 
(D:\My Company\My 
Company Projects\edt\d
esign-academy\node_mod
ules\sucrase\dist\pars
er\traverser\expressio
n.js:759:20)
    at parseExprAtom 
(D:\My Company\My 
Company Projects\edt\d
esign-academy\node_mod
ules\sucrase\dist\pars
er\traverser\expressio
n.js:553:7)
    at 
parseExprSubscripts 
(D:\My Company\My 
Company Projects\edt\d
esign-academy\node_mod
ules\sucrase\dist\pars
er\traverser\expressio
n.js:276:20)
    at 
parseMaybeUnary 
(D:\My Company\My 
Company Projects\edt\d
esign-academy\node_mod
ules\sucrase\dist\pars
er\traverser\expressio
n.js:257:20)
    at parseExprOps 
(D:\My Company\My 
Company Projects\edt\d
esign-academy\node_mod
ules\sucrase\dist\pars
er\traverser\expressio
n.js:185:20)
    at 
parseMaybeConditional 
(D:\My Company\My 
Company Projects\edt\d
esign-academy\node_mod
ules\sucrase\dist\pars
er\traverser\expressio
n.js:157:20)
    at 
baseParseMaybeAssign 
(D:\My Company\My 
Company Projects\edt\d
esign-academy\node_mod
ules\sucrase\dist\pars
er\traverser\expressio
n.js:142:20)
    at tsParseMaybeAss
ignWithoutJSX (D:\My 
Company\My Company Pro
jects\edt\design-acade
my\node_modules\sucras
e\dist\parser\plugins\
typescript.js:1580:45)

Import trace for 
requested module:
./src/app/globals.css.
webpack[javascript/aut
o]!=!./node_modules/ne
xt/dist/build/webpack/
loaders/css-loader/src
/index.js??ruleSet[1].
rules[13].oneOf[10].us
e[2]!./node_modules/ne
xt/dist/build/webpack/
loaders/postcss-loader
/src/index.js??ruleSet
[1].rules[13].oneOf[10
].use[3]!./src/app/glo
bals.css
./src/app/globals.css

./src/app/globals.css
SyntaxError: 
Unexpected token, 
expected "," (98:6)
    at unexpected 
(D:\My Company\My 
Company Projects\edt\d
esign-academy\node_mod
ules\sucrase\dist\pars
er\traverser\util.js:9
9:15)
    at expect (D:\My 
Company\My Company Pro
jects\edt\design-acade
my\node_modules\sucras
e\dist\parser\traverse
r\util.js:86:5)
    at parseObj 
(D:\My Company\My 
Company Projects\edt\d
esign-academy\node_mod
ules\sucrase\dist\pars
er\traverser\expressio
n.js:759:20)
    at parseExprAtom 
(D:\My Company\My 
Company Projects\edt\d
esign-academy\node_mod
ules\sucrase\dist\pars
er\traverser\expressio
n.js:553:7)
    at 
parseExprSubscripts 
(D:\My Company\My 
Company Projects\edt\d
esign-academy\node_mod
ules\sucrase\dist\pars
er\traverser\expressio
n.js:276:20)
    at 
parseMaybeUnary 
(D:\My Company\My 
Company Projects\edt\d
esign-academy\node_mod
ules\sucrase\dist\pars
er\traverser\expressio
n.js:257:20)
    at parseExprOps 
(D:\My Company\My 
Company Projects\edt\d
esign-academy\node_mod
ules\sucrase\dist\pars
er\traverser\expressio
n.js:185:20)
    at 
parseMaybeConditional 
(D:\My Company\My 
Company Projects\edt\d
esign-academy\node_mod
ules\sucrase\dist\pars
er\traverser\expressio
n.js:157:20)
    at 
baseParseMaybeAssign 
(D:\My Company\My 
Company Projects\edt\d
esign-academy\node_mod
ules\sucrase\dist\pars
er\traverser\expressio
n.js:142:20)
    at tsParseMaybeAss
ignWithoutJSX (D:\My 
Company\My Company Pro
jects\edt\design-acade
my\node_modules\sucras
e\dist\parser\plugins\
typescript.js:1580:45)
    at 
tryRunOrWebpackError 
(D:\My Company\My 
Company Projects\edt\d
esign-academy\node_mod
ules\next\dist\compile
d\webpack\bundle5.js:2
8:314962)
    at __webpack_requi
re_module__ (D:\My 
Company\My Company Pro
jects\edt\design-acade
my\node_modules\next\d
ist\compiled\webpack\b
undle5.js:28:131434)
    at __nested_webpac
k_require_161179__ 
(D:\My Company\My 
Company Projects\edt\d
esign-academy\node_mod
ules\next\dist\compile
d\webpack\bundle5.js:2
8:130872)
    at D:\My 
Company\My Company Pro
jects\edt\design-acade
my\node_modules\next\d
ist\compiled\webpack\b
undle5.js:28:131723
    at symbolIterator 
(D:\My Company\My 
Company Projects\edt\d
esign-academy\node_mod
ules\next\dist\compile
d\neo-async\async.js:1
:14444)
    at done (D:\My 
Company\My Company Pro
jects\edt\design-acade
my\node_modules\next\d
ist\compiled\neo-async
\async.js:1:14824)
    at Hook.eval [as 
callAsync] (eval at 
create (D:\My 
Company\My Company Pro
jects\edt\design-acade
my\node_modules\next\d
ist\compiled\webpack\b
undle5.js:13:9218), 
<anonymous>:15:1)
    at Hook.CALL_ASYNC
_DELEGATE [as 
_callAsync] (D:\My 
Company\My Company Pro
jects\edt\design-acade
my\node_modules\next\d
ist\compiled\webpack\b
undle5.js:13:6372)
    at D:\My 
Company\My Company Pro
jects\edt\design-acade
my\node_modules\next\d
ist\compiled\webpack\b
undle5.js:28:130593
    at symbolIterator 
(D:\My Company\My 
Company Projects\edt\d
esign-academy\node_mod
ules\next\dist\compile
d\neo-async\async.js:1
:14402)
-- inner error --
SyntaxError: 
Unexpected token, 
expected "," (98:6)
    at unexpected 
(D:\My Company\My 
Company Projects\edt\d
esign-academy\node_mod
ules\sucrase\dist\pars
er\traverser\util.js:9
9:15)
    at expect (D:\My 
Company\My Company Pro
jects\edt\design-acade
my\node_modules\sucras
e\dist\parser\traverse
r\util.js:86:5)
    at parseObj 
(D:\My Company\My 
Company Projects\edt\d
esign-academy\node_mod
ules\sucrase\dist\pars
er\traverser\expressio
n.js:759:20)
    at parseExprAtom 
(D:\My Company\My 
Company Projects\edt\d
esign-academy\node_mod
ules\sucrase\dist\pars
er\traverser\expressio
n.js:553:7)
    at 
parseExprSubscripts 
(D:\My Company\My 
Company Projects\edt\d
esign-academy\node_mod
ules\sucrase\dist\pars
er\traverser\expressio
n.js:276:20)
    at 
parseMaybeUnary 
(D:\My Company\My 
Company Projects\edt\d
esign-academy\node_mod
ules\sucrase\dist\pars
er\traverser\expressio
n.js:257:20)
    at parseExprOps 
(D:\My Company\My 
Company Projects\edt\d
esign-academy\node_mod
ules\sucrase\dist\pars
er\traverser\expressio
n.js:185:20)
    at 
parseMaybeConditional 
(D:\My Company\My 
Company Projects\edt\d
esign-academy\node_mod
ules\sucrase\dist\pars
er\traverser\expressio
n.js:157:20)
    at 
baseParseMaybeAssign 
(D:\My Company\My 
Company Projects\edt\d
esign-academy\node_mod
ules\sucrase\dist\pars
er\traverser\expressio
n.js:142:20)
    at tsParseMaybeAss
ignWithoutJSX (D:\My 
Company\My Company Pro
jects\edt\design-acade
my\node_modules\sucras
e\dist\parser\plugins\
typescript.js:1580:45)
    at 
Object.<anonymous> 
(D:\My Company\My 
Company Projects\edt\d
esign-academy\node_mod
ules\next\dist\build\w
ebpack\loaders\css-loa
der\src\index.js??rule
Set[1].rules[13].oneOf
[10].use[2]!D:\My 
Company\My Company Pro
jects\edt\design-acade
my\node_modules\next\d
ist\build\webpack\load
ers\postcss-loader\src
\index.js??ruleSet[1].
rules[13].oneOf[10].us
e[3]!D:\My Company\My 
Company Projects\edt\d
esign-academy\src\app\
globals.css:1:7)
    at D:\My 
Company\My Company Pro
jects\edt\design-acade
my\node_modules\next\d
ist\compiled\webpack\b
undle5.js:28:955548
    at Hook.eval [as 
call] (eval at create 
(D:\My Company\My 
Company Projects\edt\d
esign-academy\node_mod
ules\next\dist\compile
d\webpack\bundle5.js:1
3:8996), 
<anonymous>:7:1)
    at 
Hook.CALL_DELEGATE 
[as _call] (D:\My 
Company\My Company Pro
jects\edt\design-acade
my\node_modules\next\d
ist\compiled\webpack\b
undle5.js:13:6266)
    at D:\My 
Company\My Company Pro
jects\edt\design-acade
my\node_modules\next\d
ist\compiled\webpack\b
undle5.js:28:131467
    at 
tryRunOrWebpackError 
(D:\My Company\My 
Company Projects\edt\d
esign-academy\node_mod
ules\next\dist\compile
d\webpack\bundle5.js:2
8:314916)
    at __webpack_requi
re_module__ (D:\My 
Company\My Company Pro
jects\edt\design-acade
my\node_modules\next\d
ist\compiled\webpack\b
undle5.js:28:131434)
    at __nested_webpac
k_require_161179__ 
(D:\My Company\My 
Company Projects\edt\d
esign-academy\node_mod
ules\next\dist\compile
d\webpack\bundle5.js:2
8:130872)
    at D:\My 
Company\My Company Pro
jects\edt\design-acade
my\node_modules\next\d
ist\compiled\webpack\b
undle5.js:28:131723
    at symbolIterator 
(D:\My Company\My 
Company Projects\edt\d
esign-academy\node_mod
ules\next\dist\compile
d\neo-async\async.js:1
:14444)

Generated code for 
D:\My Company\My 
Company Projects\edt\d
esign-academy\node_mod
ules\next\dist\build\w
ebpack\loaders\css-loa
der\src\index.js??rule
Set[1].rules[13].oneOf
[10].use[2]!D:\My 
Company\My Company Pro
jects\edt\design-acade
my\node_modules\next\d
ist\build\webpack\load
ers\postcss-loader\src
\index.js??ruleSet[1].
rules[13].oneOf[10].us
e[3]!D:\My Company\My 
Company Projects\edt\d
esign-academy\src\app\
globals.css

Import trace for 
requested module:
./src/app/globals.css


> Build failed 
because of webpack 
errors
